// Jest Snapshot v1, https://goo.gl/fbAQLP

exports[`Sidebar  1`] = `HTMLCollection []`;
